<?xml version="1.0" encoding="UTF-8"?>
<TestRun id="2f2eaed8-b15f-405c-a511-b6b470e1aad8" name="Karn@KARN-PC 2014-05-11 12:52:41" runUser="Karn-PC\Karn" xmlns="http://microsoft.com/schemas/VisualStudio/TeamTest/2010">
  <TestSettings name="Local" id="ed9c3589-b0ba-48c3-8204-e76f81ad4649">
    <Description>These are default test settings for a local test run.</Description>
    <Deployment enabled="false" runDeploymentRoot="Karn_KARN-PC 2014-05-11 12_52_41">
      <DeploymentItem filename="D:\Development\Pine\PineHome\PineHome\bin\Debug\PineHome.exe" />
    </Deployment>
    <Execution>
      <TestTypeSpecific />
      <AgentRule name="Execution Agents">
      </AgentRule>
    </Execution>
  </TestSettings>
  <Times creation="2014-05-11T12:52:41.2119966+04:00" queuing="2014-05-11T12:52:41.6660225+04:00" start="2014-05-11T12:52:41.7800291+04:00" finish="2014-05-11T12:52:42.7850865+04:00" />
  <ResultSummary outcome="Completed">
    <Counters total="1" executed="1" passed="1" error="0" failed="0" timeout="0" aborted="0" inconclusive="0" passedButRunAborted="0" notRunnable="0" notExecuted="0" disconnected="0" warning="0" completed="0" inProgress="0" pending="0" />
  </ResultSummary>
  <TestDefinitions>
    <UnitTest name="TestScoreCompareAliveVsDead" storage="d:\development\pine\pinehome\pinehome.tests\bin\debug\pinehome.tests.dll" id="4b8a4220-bfce-24b6-2758-2c3e6abfb9b1">
      <Execution id="f6bb2319-a825-45c3-be41-a3608b9ceffd" />
      <TestMethod codeBase="D:/Development/Pine/PineHome/PineHome.Tests/bin/Debug/PineHome.Tests.DLL" adapterTypeName="Microsoft.VisualStudio.TestTools.TestTypes.Unit.UnitTestAdapter, Microsoft.VisualStudio.QualityTools.Tips.UnitTest.Adapter, Version=10.0.0.0, Culture=neutral, PublicKeyToken=b03f5f7f11d50a3a" className="Pineapple.UnitTest.LastTurnInPositionTest, PineHome.Tests, Version=1.0.0.0, Culture=neutral, PublicKeyToken=null" name="TestScoreCompareAliveVsDead" />
    </UnitTest>
  </TestDefinitions>
  <TestLists>
    <TestList name="Results Not in a List" id="8c84fa94-04c1-424b-9868-57a2d4851a1d" />
    <TestList name="All Loaded Results" id="19431567-8539-422a-85d7-44ee4e166bda" />
  </TestLists>
  <TestEntries>
    <TestEntry testId="4b8a4220-bfce-24b6-2758-2c3e6abfb9b1" executionId="f6bb2319-a825-45c3-be41-a3608b9ceffd" testListId="8c84fa94-04c1-424b-9868-57a2d4851a1d" />
  </TestEntries>
  <Results>
    <UnitTestResult executionId="f6bb2319-a825-45c3-be41-a3608b9ceffd" testId="4b8a4220-bfce-24b6-2758-2c3e6abfb9b1" testName="TestScoreCompareAliveVsDead" computerName="KARN-PC" duration="00:00:00.0339834" startTime="2014-05-11T12:52:41.8870352+04:00" endTime="2014-05-11T12:52:42.5260717+04:00" testType="13cdc9d9-ddb5-4fa4-a97d-d965ccfc6d4b" outcome="Passed" testListId="8c84fa94-04c1-424b-9868-57a2d4851a1d" relativeResultsDirectory="f6bb2319-a825-45c3-be41-a3608b9ceffd">
    </UnitTestResult>
  </Results>
</TestRun>