<?xml version="1.0" encoding="UTF-8"?>
<TestRun id="feadb1e8-8e68-45f9-bb9d-9d251df57dae" name="Karn@KARN-PC 2014-05-11 12:53:54" runUser="Karn-PC\Karn" xmlns="http://microsoft.com/schemas/VisualStudio/TeamTest/2010">
  <TestSettings name="Local" id="ed9c3589-b0ba-48c3-8204-e76f81ad4649">
    <Description>These are default test settings for a local test run.</Description>
    <Deployment enabled="false" runDeploymentRoot="Karn_KARN-PC 2014-05-11 12_53_54">
      <DeploymentItem filename="D:\Development\Pine\PineHome\PineHome\bin\Debug\PineHome.exe" />
    </Deployment>
    <Execution>
      <TestTypeSpecific />
      <AgentRule name="Execution Agents">
      </AgentRule>
    </Execution>
  </TestSettings>
  <Times creation="2014-05-11T12:53:54.1621691+04:00" queuing="2014-05-11T12:53:54.4191838+04:00" start="2014-05-11T12:53:54.4811873+04:00" finish="2014-05-11T12:53:55.4222411+04:00" />
  <ResultSummary outcome="Completed">
    <Counters total="1" executed="1" passed="1" error="0" failed="0" timeout="0" aborted="0" inconclusive="0" passedButRunAborted="0" notRunnable="0" notExecuted="0" disconnected="0" warning="0" completed="0" inProgress="0" pending="0" />
  </ResultSummary>
  <TestDefinitions>
    <UnitTest name="TestScoreCompare30Alive" storage="d:\development\pine\pinehome\pinehome.tests\bin\debug\pinehome.tests.dll" id="de1230c0-c6d5-670b-6b50-fa25ae9d62f5">
      <Execution id="1478e2e2-54e3-4210-be99-c84a97654d3a" />
      <TestMethod codeBase="D:/Development/Pine/PineHome/PineHome.Tests/bin/Debug/PineHome.Tests.DLL" adapterTypeName="Microsoft.VisualStudio.TestTools.TestTypes.Unit.UnitTestAdapter, Microsoft.VisualStudio.QualityTools.Tips.UnitTest.Adapter, Version=10.0.0.0, Culture=neutral, PublicKeyToken=b03f5f7f11d50a3a" className="Pineapple.UnitTest.LastTurnInPositionTest, PineHome.Tests, Version=1.0.0.0, Culture=neutral, PublicKeyToken=null" name="TestScoreCompare30Alive" />
    </UnitTest>
  </TestDefinitions>
  <TestLists>
    <TestList name="Results Not in a List" id="8c84fa94-04c1-424b-9868-57a2d4851a1d" />
    <TestList name="All Loaded Results" id="19431567-8539-422a-85d7-44ee4e166bda" />
  </TestLists>
  <TestEntries>
    <TestEntry testId="de1230c0-c6d5-670b-6b50-fa25ae9d62f5" executionId="1478e2e2-54e3-4210-be99-c84a97654d3a" testListId="8c84fa94-04c1-424b-9868-57a2d4851a1d" />
  </TestEntries>
  <Results>
    <UnitTestResult executionId="1478e2e2-54e3-4210-be99-c84a97654d3a" testId="de1230c0-c6d5-670b-6b50-fa25ae9d62f5" testName="TestScoreCompare30Alive" computerName="KARN-PC" duration="00:00:00.0268881" startTime="2014-05-11T12:53:54.6861990+04:00" endTime="2014-05-11T12:53:55.3512371+04:00" testType="13cdc9d9-ddb5-4fa4-a97d-d965ccfc6d4b" outcome="Passed" testListId="8c84fa94-04c1-424b-9868-57a2d4851a1d" relativeResultsDirectory="1478e2e2-54e3-4210-be99-c84a97654d3a">
    </UnitTestResult>
  </Results>
</TestRun>